Microchip MPLAB XC8 Compiler V3.00

Linker command line:

-W-3 --edf=/opt/microchip/xc8/v3.00/pic/dat/20241204225717_en.msgs -cn \
  -h+dist/default/production/PROJETO.X.production.sym \
  --cmf=dist/default/production/PROJETO.X.production.cmf -z -Q18F4580 \
  -o/tmp/xcXAgBEbO/driver_tmp_3.o --defsym=__MPLAB_BUILD=1 \
  --fixupoverflow=error -Mdist/default/production/PROJETO.X.production.map \
  --md=/tmp/xcXAgBEbO/driver_tmp_0.dat -E1 -ver=XC8 Compiler \
  -ACODE=07Fh-07F00h -ACONST=07Fh-07F00h \
  -ASMALLCONST=0600h-06FFhx121,07F00h-07F00h -AMEDIUMCONST=0600h-07F00h \
  -ACOMRAM=01h-05Fh -AABS1=00h-05FFh -ABIGRAM=01h-05FFh \
  -ARAM=060h-0FFh,0100h-01FFhx5 -ABANK0=060h-0FFh -ABANK1=0100h-01FFh \
  -ABANK2=0200h-02FFh -ABANK3=0300h-03FFh -ABANK4=0400h-04FFh \
  -ABANK5=0500h-05FFh -ASFR=0D00h-0DFFhx2,0F00h-0F5Fh,0F60h-0FFFh \
  -ABIGSFR=0D00h-0FFFh -ACONFIG=0300000h-030000Dh -AIDLOC=0200000h-0200007h \
  -AEEDATA=0F00000h-0F000FFh -peeprom_data=EEDATA \
  -preset_vec=00h,intcode=8h,intcodelo=18h,sivt_lo,sivt_hi=CODE \
  -ppowerup=CODE,init -pramtop=0600h -psmallconst=SMALLCONST \
  -pmediumconst=MEDIUMCONST -pconst=CONST -AFARRAM=00h-00h \
  -prdata=COMRAM,nvrram=COMRAM,nvbit=COMRAM,rbss=COMRAM,rbit=COMRAM \
  -pfarbss=FARRAM,fardata=FARRAM,nvFARRAM=FARRAM \
  -pintsave_regs=BIGRAM,bigbss=BIGRAM,bigdata=BIGRAM -pbss=RAM \
  -pidata=CODE,irdata=CODE,ibigdata=CODE,ifardata=CODE -prparam=COMRAM \
  /tmp/xcXAgBEbO/driver_tmp_14.o \
  dist/default/production/PROJETO.X.production.o 

Object code version is 3.11

Machine type is 18F4580



                Name                               Link     Load   Length Selector   Space Scale
/tmp/xcXAgBEbO/driver_tmp_14.o
                config                           300000   300000        E        0       4
                init                               7EFC     7EFC        4     3F7E       0
                reset_vec                             0        0        4        0       0
dist/default/production/PROJETO.X.production.o
                intcode                               8        8        6        4       0
                config                           300000   300000        E        0       4
                temp                                 4B       4B        1        1       1
                mediumconst                        7E3E     7E3E       BE     3F1F       0
                text34                             5CF4     5CF4       30     2E7A       0
                text33                             5C52     5C52        4     2E29       0
                text32                             5D24     5D24       34     2E92       0
                text31                             5C4E     5C4E        2     2E27       0
                text30                             6060     6060       AA     3030       0
                text29                             6268     6268       C2     3134       0
                text28                             610A     610A       AE     3085       0
                text27                             6CE8     6CE8      1D4     3674       0
                text26                             5E0C     5E0C       42     2F06       0
                text25                             5D58     5D58       38     2EAC       0
                text24                             5E96     5E96       68     2F4B       0
                text23                             5C68     5C68       16     2E34       0
                text22                             5EFE     5EFE       6A     2F7F       0
                intcode_body                       6EBC     6EBC      310     375E       0
                text20                             632A     632A       C4     3195       0
                text19                             61B8     61B8       B0     30DC       0
                text18                             755E     755E      428     3AAF       0
                text17                             7986     7986      4B8     3CC3       0
                text16                             5E4E     5E4E       48     2F27       0
                text15                             64F4     64F4      108     327A       0
                text14                             6B30     6B30      1B8     3598       0
                text13                             683E     683E      158     341F       0
                text12                             5C56     5C56       12     2E2B       0
                text11                             6996     6996      19A     34CB       0
                text10                             71CC     71CC      392     38E6       0
                text9                              5FD4     5FD4       8C     2FEA       0
                text8                              63EE     63EE      106     31F7       0
                text7                              5C7E     5C7E       18     2E3F       0
                text6                              5F68     5F68       6C     2FB4       0
                text5                              6718     6718      126     338C       0
                text4                              5CCE     5CCE       26     2E67       0
                text3                              5CAE     5CAE       20     2E57       0
                text2                              5C96     5C96       18     2E4B       0
                text1                              5D90     5D90       3E     2EC8       0
                text0                              65FC     65FC      11C     32FE       0
                cstackCOMRAM                          1        1       39        1       1
                cstackBANK0                          60       60       60       60       1
                dataBANK0                            E2       E2        2       60       1
                bssBANK0                             C0       C0       22       60       1
                bssCOMRAM                            3A       3A       11        1       1
                cinit                              5DCE     5DCE       3E     2EE7       0
                idataBANK0                         5C50     5C50        2     5C50       0

TOTAL           Name                               Link     Load   Length     Space
        CLASS   CODE           
                intcode                               8        8        6         0
                init                               7EFC     7EFC        4         0
                reset_vec                             0        0        4         0
                text34                             5CF4     5CF4       30         0
                text33                             5C52     5C52        4         0
                text32                             5D24     5D24       34         0
                text31                             5C4E     5C4E        2         0
                text30                             6060     6060       AA         0
                text29                             6268     6268       C2         0
                text28                             610A     610A       AE         0
                text27                             6CE8     6CE8      1D4         0
                text26                             5E0C     5E0C       42         0
                text25                             5D58     5D58       38         0
                text24                             5E96     5E96       68         0
                text23                             5C68     5C68       16         0
                text22                             5EFE     5EFE       6A         0
                intcode_body                       6EBC     6EBC      310         0
                text20                             632A     632A       C4         0
                text19                             61B8     61B8       B0         0
                text18                             755E     755E      428         0
                text17                             7986     7986      4B8         0
                text16                             5E4E     5E4E       48         0
                text15                             64F4     64F4      108         0
                text14                             6B30     6B30      1B8         0
                text13                             683E     683E      158         0
                text12                             5C56     5C56       12         0
                text11                             6996     6996      19A         0
                text10                             71CC     71CC      392         0
                text9                              5FD4     5FD4       8C         0
                text8                              63EE     63EE      106         0
                text7                              5C7E     5C7E       18         0
                text6                              5F68     5F68       6C         0
                text5                              6718     6718      126         0
                text4                              5CCE     5CCE       26         0
                text3                              5CAE     5CAE       20         0
                text2                              5C96     5C96       18         0
                text1                              5D90     5D90       3E         0
                text0                              65FC     65FC      11C         0
                cinit                              5DCE     5DCE       3E         0
                idataBANK0                         5C50     5C50        2         0

        CLASS   CONST          

        CLASS   SMALLCONST     

        CLASS   MEDIUMCONST    
                mediumconst                        7E3E     7E3E       BE         0

        CLASS   COMRAM         
                temp                                 4B       4B        1         1
                cstackCOMRAM                          1        1       39         1
                bssCOMRAM                            3A       3A       11         1

        CLASS   ABS1           

        CLASS   BIGRAM         

        CLASS   RAM            

        CLASS   BANK0          
                cstackBANK0                          60       60       60         1
                dataBANK0                            E2       E2        2         1
                bssBANK0                             C0       C0       22         1

        CLASS   BANK1          

        CLASS   BANK2          

        CLASS   BANK3          

        CLASS   BANK4          

        CLASS   BANK5          

        CLASS   SFR            

        CLASS   BIGSFR         

        CLASS   CONFIG         
                config                           300000   300000        E         4

        CLASS   IDLOC          

        CLASS   EEDATA         

        CLASS   FARRAM         

        CLASS   HEAP           

        CLASS   STACK          



SEGMENTS        Name                           Load    Length   Top    Selector   Space  Class

                text28                         00610A  0000AE  0061B8      3085       0  CODE    
                text30                         006060  0000AA  00610A      3030       0  CODE    
                text29                         006268  0000C2  00632A      3134       0  CODE    
                text19                         0061B8  0000B0  006268      30DC       0  CODE    
                text22                         005EFE  00006A  005F68      2F7F       0  CODE    
                text24                         005E96  000068  005EFE      2F4B       0  CODE    
                text9                          005FD4  00008C  006060      2FEA       0  CODE    
                text6                          005F68  00006C  005FD4      2FB4       0  CODE    
                text13                         00683E  000158  006996      341F       0  CODE    
                text5                          006718  000126  00683E      338C       0  CODE    
                text14                         006B30  0001B8  006CE8      3598       0  CODE    
                text11                         006996  00019A  006B30      34CB       0  CODE    
                text8                          0063EE  000106  0064F4      31F7       0  CODE    
                text20                         00632A  0000C4  0063EE      3195       0  CODE    
                text0                          0065FC  00011C  006718      32FE       0  CODE    
                text15                         0064F4  000108  0065FC      327A       0  CODE    
                text7                          005C7E  000018  005C96      2E3F       0  CODE    
                text23                         005C68  000016  005C7E      2E34       0  CODE    
                text3                          005CAE  000020  005CCE      2E57       0  CODE    
                text2                          005C96  000018  005CAE      2E4B       0  CODE    
                idataBANK0                     005C50  000002  005C52      5C50       0  CODE    
                text31                         005C4E  000002  005C50      2E27       0  CODE    
                text12                         005C56  000012  005C68      2E2B       0  CODE    
                text33                         005C52  000004  005C56      2E29       0  CODE    
                cinit                          005DCE  00003E  005E0C      2EE7       0  CODE    
                text1                          005D90  00003E  005DCE      2EC8       0  CODE    
                text16                         005E4E  000048  005E96      2F27       0  CODE    
                text26                         005E0C  000042  005E4E      2F06       0  CODE    
                text34                         005CF4  000030  005D24      2E7A       0  CODE    
                text4                          005CCE  000026  005CF4      2E67       0  CODE    
                text25                         005D58  000038  005D90      2EAC       0  CODE    
                text32                         005D24  000034  005D58      2E92       0  CODE    
                reset_vec                      000000  000004  000004         0       0  CODE    
                mediumconst                    007E3E  0000BE  007EFC      3F1F       0  MEDIUMCO
                intcode                        000008  000006  00000E         4       0  CODE    
                init                           007EFC  000004  007F00      3F7E       0  CODE    
                text10                         0071CC  000392  00755E      38E6       0  CODE    
                text17                         007986  0004B8  007E3E      3CC3       0  CODE    
                text18                         00755E  000428  007986      3AAF       0  CODE    
                intcode_body                   006EBC  000310  0071CC      375E       0  CODE    
                text27                         006CE8  0001D4  006EBC      3674       0  CODE    
                cstackBANK0                    000060  000084  0000E4        60       1  BANK0   
                cstackCOMRAM                   000001  00004B  00004C         1       1  COMRAM  


UNUSED ADDRESS RANGES

        Name                Unused          Largest block    Delta
        BANK0            0000E4-0000FF               1C
        BANK1            000100-0001FF              100
        BANK2            000200-0002FF              100
        BANK3            000300-0003FF              100
        BANK4            000400-0004FF              100
        BANK5            000500-0005FF              100
        BIGRAM           00004C-00005F               14
                         0000E4-0005FF              51C
        BIGSFR           000D00-000FFF              300
        CODE             00007F-005C4D             5BCF
                         007F00-007F00                1
        COMRAM           00004C-00005F               14
        CONST            00007F-005C4D             5BCF
                         007F00-007F00                1
        EEDATA           F00000-F000FF              100
        IDLOC            200000-200007                8
        MEDIUMCONST      000600-005C4D             564E
                         007F00-007F00                1
        RAM              0000E4-0005FF              100
        SFR              000D00-000FFF              100
        SMALLCONST       000600-005C4D              100
                         007F00-007F00                1

                                  Symbol Table

?___awdiv                   cstackBANK0  000060
?___awmod                   cstackBANK0  000060
?___fladd                   cstackBANK0  000060
?___fldiv                   cstackBANK0  00006E
?___flmul                   cstackBANK0  000087
?___flsub                   cstackBANK0  000070
?___fltol                   cstackBANK0  0000A0
?___xxtofl                  cstackBANK0  000060
?_abs                       cstackCOMRAM 000007
?_lerTemperatura            cstackBANK0  0000A0
?_sprintf                   cstackCOMRAM 00001E
?_strcmp                    cstackCOMRAM 000001
?_vfprintf                  cstackCOMRAM 000018
?i2___awdiv                 cstackCOMRAM 000001
?i2___awmod                 cstackCOMRAM 000001
_ADCON0bits                 (abs)        000FC2
_ADCON1bits                 (abs)        000FC1
_ADCON2bits                 (abs)        000FC0
_ADRESH                     (abs)        000FC4
_ADRESL                     (abs)        000FC3
_INTCONbits                 (abs)        000FF2
_LATAbits                   (abs)        000F89
_LATCbits                   (abs)        000F8B
_LATD                       (abs)        000F8C
_LATDbits                   (abs)        000F8C
_LATEbits                   (abs)        000F8D
_OSCCON                     (abs)        000FD3
_PIE1bits                   (abs)        000F9D
_PIR1bits                   (abs)        000F9E
_RCREG                      (abs)        000FAE
_RCSTAbits                  (abs)        000FAB
_SPBRG                      (abs)        000FAF
_T0CONbits                  (abs)        000FD5
_TMR0                       (abs)        000FD6
_TRISAbits                  (abs)        000F92
_TRISC                      (abs)        000F94
_TRISCbits                  (abs)        000F94
_TRISD                      (abs)        000F95
_TRISE                      (abs)        000F96
_TXREG                      (abs)        000FAD
_TXSTAbits                  (abs)        000FAC
__HRAM                      (abs)        000000
__H__absolute__             __absolute__ 000000
__Habs1                     abs1         000000
__Hbank0                    bank0        000000
__Hbank1                    bank1        000000
__Hbank2                    bank2        000000
__Hbank3                    bank3        000000
__Hbank4                    bank4        000000
__Hbank5                    bank5        000000
__Hbigbss                   bigbss       000000
__Hbigdata                  bigdata      000000
__Hbigram                   bigram       000000
__Hbigsfr                   bigsfr       000000
__Hbss                      bss          000000
__HbssBANK0                 bssBANK0     000000
__HbssCOMRAM                bssCOMRAM    000000
__Hcinit                    cinit        000000
__Hclrtext                  clrtext      000000
__Hcomram                   comram       000000
__Hconfig                   config       30000E
__Hconst                    const        000000
__HcstackBANK0              cstackBANK0  000000
__HcstackCOMRAM             cstackCOMRAM 000000
__Hdata                     data         000000
__HdataBANK0                dataBANK0    000000
__Heeprom_data              eeprom_data  000000
__Hfarbss                   farbss       000000
__Hfardata                  fardata      000000
__Hheap                     heap         000000
__Hibigdata                 ibigdata     000000
__Hidata                    idata        000000
__HidataBANK0               idataBANK0   000000
__Hidloc                    idloc        000000
__Hifardata                 ifardata     000000
__Hinit                     init         007F00
__Hintcode                  intcode      00000E
__Hintcode_body             intcode_body 000000
__Hintcodelo                intcodelo    000018
__Hintentry                 intentry     000000
__Hintret                   intret       000000
__Hintsave_regs             intsave_regs 000000
__Hirdata                   irdata       000000
__Hmediumconst              mediumconst  007EFC
__HnvFARRAM                 nvFARRAM     000000
__Hnvbit                    nvbit        000000
__Hnvrram                   nvrram       000000
__Hparam                    rparam       000000
__Hpowerup                  powerup      000000
__Hram                      ram          000000
__Hramtop                   ramtop       000600
__Hrbit                     rbit         000000
__Hrbss                     rbss         000000
__Hrdata                    rdata        000000
__Hreset_vec                reset_vec    000004
__Hrparam                   rparam       000000
__Hsfr                      sfr          000000
__Hsivt_hi                  sivt_hi      000000
__Hsivt_lo                  sivt_lo      000018
__Hsmallconst               smallconst   000000
__Hspace_0                  (abs)        007F00
__Hspace_1                  (abs)        0000E4
__Hspace_2                  (abs)        000000
__Hspace_4                  (abs)        60000E
__Hstack                    stack        000000
__Hstruct                   struct       000000
__Htemp                     temp         00004C
__Htext                     text         000000
__Htext0                    text0        000000
__Htext1                    text1        000000
__Htext10                   text10       000000
__Htext11                   text11       000000
__Htext12                   text12       000000
__Htext13                   text13       000000
__Htext14                   text14       000000
__Htext15                   text15       000000
__Htext16                   text16       000000
__Htext17                   text17       000000
__Htext18                   text18       000000
__Htext19                   text19       000000
__Htext2                    text2        000000
__Htext20                   text20       000000
__Htext22                   text22       000000
__Htext23                   text23       000000
__Htext24                   text24       000000
__Htext25                   text25       000000
__Htext26                   text26       000000
__Htext27                   text27       000000
__Htext28                   text28       000000
__Htext29                   text29       000000
__Htext3                    text3        000000
__Htext30                   text30       000000
__Htext31                   text31       000000
__Htext32                   text32       000000
__Htext33                   text33       000000
__Htext34                   text34       000000
__Htext4                    text4        000000
__Htext5                    text5        000000
__Htext6                    text6        000000
__Htext7                    text7        000000
__Htext8                    text8        000000
__Htext9                    text9        000000
__LRAM                      (abs)        000001
__L__absolute__             __absolute__ 000000
__Labs1                     abs1         000000
__Lbank0                    bank0        000000
__Lbank1                    bank1        000000
__Lbank2                    bank2        000000
__Lbank3                    bank3        000000
__Lbank4                    bank4        000000
__Lbank5                    bank5        000000
__Lbigbss                   bigbss       000000
__Lbigdata                  bigdata      000000
__Lbigram                   bigram       000000
__Lbigsfr                   bigsfr       000000
__Lbss                      bss          000000
__LbssBANK0                 bssBANK0     000000
__LbssCOMRAM                bssCOMRAM    000000
__Lcinit                    cinit        000000
__Lclrtext                  clrtext      000000
__Lcomram                   comram       000000
__Lconfig                   config       000000
__Lconst                    const        000000
__LcstackBANK0              cstackBANK0  000000
__LcstackCOMRAM             cstackCOMRAM 000000
__Ldata                     data         000000
__LdataBANK0                dataBANK0    000000
__Leeprom_data              eeprom_data  000000
__Lfarbss                   farbss       000000
__Lfardata                  fardata      000000
__Lheap                     heap         000000
__Libigdata                 ibigdata     000000
__Lidata                    idata        000000
__LidataBANK0               idataBANK0   000000
__Lidloc                    idloc        000000
__Lifardata                 ifardata     000000
__Linit                     init         007EFC
__Lintcode                  intcode      000008
__Lintcode_body             intcode_body 000000
__Lintcodelo                intcodelo    000018
__Lintentry                 intentry     000000
__Lintret                   intret       000000
__Lintsave_regs             intsave_regs 000000
__Lirdata                   irdata       000000
__Lmediumconst              mediumconst  007E3E
__LnvFARRAM                 nvFARRAM     000000
__Lnvbit                    nvbit        000000
__Lnvrram                   nvrram       000000
__Lparam                    rparam       000000
__Lpowerup                  powerup      000000
__Lram                      ram          000000
__Lramtop                   ramtop       000600
__Lrbit                     rbit         000000
__Lrbss                     rbss         000000
__Lrdata                    rdata        000000
__Lreset_vec                reset_vec    000000
__Lrparam                   rparam       000000
__Lsfr                      sfr          000000
__Lsivt_hi                  sivt_hi      000000
__Lsivt_lo                  sivt_lo      000018
__Lsmallconst               smallconst   000000
__Lspace_0                  (abs)        000000
__Lspace_1                  (abs)        000000
__Lspace_2                  (abs)        000000
__Lspace_4                  (abs)        000000
__Lstack                    stack        000000
__Lstruct                   struct       000000
__Ltemp                     temp         00004B
__Ltext                     text         000000
__Ltext0                    text0        000000
__Ltext1                    text1        000000
__Ltext10                   text10       000000
__Ltext11                   text11       000000
__Ltext12                   text12       000000
__Ltext13                   text13       000000
__Ltext14                   text14       000000
__Ltext15                   text15       000000
__Ltext16                   text16       000000
__Ltext17                   text17       000000
__Ltext18                   text18       000000
__Ltext19                   text19       000000
__Ltext2                    text2        000000
__Ltext20                   text20       000000
__Ltext22                   text22       000000
__Ltext23                   text23       000000
__Ltext24                   text24       000000
__Ltext25                   text25       000000
__Ltext26                   text26       000000
__Ltext27                   text27       000000
__Ltext28                   text28       000000
__Ltext29                   text29       000000
__Ltext3                    text3        000000
__Ltext30                   text30       000000
__Ltext31                   text31       000000
__Ltext32                   text32       000000
__Ltext33                   text33       000000
__Ltext34                   text34       000000
__Ltext4                    text4        000000
__Ltext5                    text5        000000
__Ltext6                    text6        000000
__Ltext7                    text7        000000
__Ltext8                    text8        000000
__Ltext9                    text9        000000
__S0                        (abs)        007F00
__S1                        (abs)        0000E4
__S4                        (abs)        000000
__S5                        (abs)        000000
___awdiv                    text20       00632A
___awdiv@counter            cstackBANK0  000064
___awdiv@dividend           cstackBANK0  000060
___awdiv@divisor            cstackBANK0  000062
___awdiv@quotient           cstackBANK0  000066
___awdiv@sign               cstackBANK0  000065
___awmod                    text19       0061B8
___awmod@counter            cstackBANK0  000064
___awmod@dividend           cstackBANK0  000060
___awmod@divisor            cstackBANK0  000062
___awmod@sign               cstackBANK0  000065
___fladd                    text17       007986
___fladd@a                  cstackBANK0  000064
___fladd@aexp               cstackBANK0  00006D
___fladd@b                  cstackBANK0  000060
___fladd@bexp               cstackBANK0  00006E
___fladd@grs                cstackBANK0  00006F
___fladd@signs              cstackBANK0  00006C
___fldiv                    text10       0071CC
___fldiv@a                  cstackBANK0  000072
___fldiv@aexp               cstackBANK0  000086
___fldiv@b                  cstackBANK0  00006E
___fldiv@bexp               cstackBANK0  000085
___fldiv@grs                cstackBANK0  000081
___fldiv@new_exp            cstackBANK0  00007F
___fldiv@rem                cstackBANK0  00007A
___fldiv@sign               cstackBANK0  00007E
___flge                     text8        0063EE
___flge@ff1                 cstackBANK0  000060
___flge@ff2                 cstackBANK0  000064
___flmul                    text18       00755E
___flmul@a                  cstackBANK0  00008B
___flmul@aexp               cstackBANK0  000098
___flmul@b                  cstackBANK0  000087
___flmul@bexp               cstackBANK0  000099
___flmul@grs                cstackBANK0  000094
___flmul@prod               cstackBANK0  00009A
___flmul@sign               cstackBANK0  000093
___flmul@temp               cstackBANK0  00009E
___flsub                    text16       005E4E
___flsub@a                  cstackBANK0  000074
___flsub@b                  cstackBANK0  000070
___fltol                    text15       0064F4
___fltol@exp1               cstackBANK0  0000A9
___fltol@f1                 cstackBANK0  0000A0
___fltol@sign1              cstackBANK0  0000A8
___heap_hi                  (abs)        000000
___heap_lo                  (abs)        000000
___inthi_sp                 stack        000000
___inthi_stack_hi           stack        000000
___inthi_stack_lo           stack        000000
___intlo_sp                 stack        000000
___intlo_stack_hi           stack        000000
___intlo_stack_lo           stack        000000
___param_bank               (abs)        000000
___rparam_used              (abs)        000001
___sp                       stack        000000
___stack_hi                 stack        000000
___stack_lo                 stack        000000
___xxtofl                   text14       006B30
___xxtofl@arg               cstackBANK0  00006A
___xxtofl@exp               cstackBANK0  000069
___xxtofl@sign              cstackBANK0  000068
___xxtofl@val               cstackBANK0  000060
__accesstop                 (abs)        000060
__activetblptr              (abs)        000002
__end_of___awdiv            text20       0063EE
__end_of___awmod            text19       006268
__end_of___fladd            text17       007E3E
__end_of___fldiv            text10       00755E
__end_of___flge             text8        0064F4
__end_of___flmul            text18       007986
__end_of___flsub            text16       005E96
__end_of___fltol            text15       0065FC
__end_of___xxtofl           text14       006CE8
__end_of__initialization    cinit        005DFE
__end_of_abs                text32       005D58
__end_of_configAdc          text4        005CF4
__end_of_configTimer        text3        005CCE
__end_of_configUsart        text2        005CAE
__end_of_display7Seg        text13       006996
__end_of_displayTemperatura text11       006B30
__end_of_enviarString       text6        005FD4
__end_of_fputc              text30       00610A
__end_of_lerTemperatura     text9        006060
__end_of_limparDisplay      text12       005C68
__end_of_main               text0        006718
__end_of_memset             text34       005D24
__end_of_putch              text31       005C50
__end_of_regularTemperatura text5        00683E
__end_of_rotina_ISR         intcode_body 0071CC
__end_of_rxUsart            text33       005C56
__end_of_setup              text1        005DCE
__end_of_sprintf            text25       005D90
__end_of_strcmp             text24       005EFE
__end_of_txUsart            text7        005C96
__end_of_vfpfcnvrt          text27       006EBC
__end_of_vfprintf           text26       005E4E
__end_ofdisplay7Seg@F11011  mediumconst  007E49
__end_ofi2___awdiv          text29       00632A
__end_ofi2___awmod          text28       0061B8
__end_ofi2_enviarString     text22       005F68
__end_ofi2_txUsart          text23       005C7E
__initialization            cinit        005DCE
__mediumconst               mediumconst  007E3E
__pbssBANK0                 bssBANK0     0000C0
__pbssCOMRAM                bssCOMRAM    00003A
__pcinit                    cinit        005DCE
__pcstackBANK0              cstackBANK0  000060
__pcstackCOMRAM             cstackCOMRAM 000001
__pdataBANK0                dataBANK0    0000E2
__pidataBANK0               idataBANK0   005C50
__pintcode                  intcode      000008
__pintcode_body             intcode_body 006EBC
__pmediumconst              mediumconst  007E3E
__ptext0                    text0        0065FC
__ptext1                    text1        005D90
__ptext10                   text10       0071CC
__ptext11                   text11       006996
__ptext12                   text12       005C56
__ptext13                   text13       00683E
__ptext14                   text14       006B30
__ptext15                   text15       0064F4
__ptext16                   text16       005E4E
__ptext17                   text17       007986
__ptext18                   text18       00755E
__ptext19                   text19       0061B8
__ptext2                    text2        005C96
__ptext20                   text20       00632A
__ptext22                   text22       005EFE
__ptext23                   text23       005C68
__ptext24                   text24       005E96
__ptext25                   text25       005D58
__ptext26                   text26       005E0C
__ptext27                   text27       006CE8
__ptext28                   text28       00610A
__ptext29                   text29       006268
__ptext3                    text3        005CAE
__ptext30                   text30       006060
__ptext31                   text31       005C4E
__ptext32                   text32       005D24
__ptext33                   text33       005C52
__ptext34                   text34       005CF4
__ptext4                    text4        005CCE
__ptext5                    text5        006718
__ptext6                    text6        005F68
__ptext7                    text7        005C7E
__ptext8                    text8        0063EE
__ptext9                    text9        005FD4
__ramtop                    ramtop       000600
__smallconst                mediumconst  007E3E
_abs                        text32       005D24
_automatico                 bssBANK0     0000E1
_buffer                     bssCOMRAM    000046
_configAdc                  text4        005CCE
_configTimer                text3        005CAE
_configUsart                text2        005C96
_dbuf                       bssBANK0     0000C0
_display7Seg                text13       00683E
_displayTemperatura         text11       006996
_enviarString               text6        005F68
_flags                      bssCOMRAM    000040
_fputc                      text30       006060
_indice                     bssCOMRAM    00003E
_lerTemperatura             text9        005FD4
_limparDisplay              text12       005C56
_main                       text0        0065FC
_manual                     bssBANK0     0000E0
_memset                     text34       005CF4
_prec                       bssCOMRAM    00003C
_putch                      text31       005C4E
_regularTemperatura         text5        006718
_rotina_ISR                 intcode      000008
_rxUsart                    text33       005C52
_setup                      text1        005D90
_sprintf                    text25       005D58
_str                        bssCOMRAM    000041
_strcmp                     text24       005E96
_tempDesejada               dataBANK0    0000E2
_txUsart                    text7        005C7E
_vfpfcnvrt                  text27       006CE8
_vfprintf                   text26       005E0C
_width                      bssCOMRAM    00003A
abs@a                       cstackCOMRAM 000007
btemp                       temp         00004B
display7Seg@F11011          mediumconst  007E3F
display7Seg@num             cstackBANK0  000060
display7Seg@numeros         cstackBANK0  000063
display7Seg@segmentos       cstackBANK0  00006D
displayTemperatura@decimal  cstackBANK0  0000B0
displayTemperatura@digitos  cstackBANK0  0000B2
displayTemperatura@i        cstackBANK0  0000BA
displayTemperatura@inteiro  cstackBANK0  0000B8
displayTemperatura@temp     cstackBANK0  0000AA
end_of_initialization       cinit        005DFE
enviarString@str            cstackBANK0  000061
fputc@c                     cstackCOMRAM 000001
fputc@fp                    cstackCOMRAM 000003
i2___awdiv                  text29       006268
i2___awdiv@counter          cstackCOMRAM 000005
i2___awdiv@dividend         cstackCOMRAM 000001
i2___awdiv@divisor          cstackCOMRAM 000003
i2___awdiv@quotient         cstackCOMRAM 000007
i2___awdiv@sign             cstackCOMRAM 000006
i2___awmod                  text28       00610A
i2___awmod@counter          cstackCOMRAM 000005
i2___awmod@dividend         cstackCOMRAM 000001
i2___awmod@divisor          cstackCOMRAM 000003
i2___awmod@sign             cstackCOMRAM 000006
i2_enviarString             text22       005EFE
i2_txUsart                  text23       005C68
i2enviarString@str          cstackCOMRAM 000002
i2txUsart@ch                cstackCOMRAM 000001
int$flags                   temp         00004B
int_func                    intcode_body 006EBC
intlevel0                   text         000000
intlevel1                   text         000000
intlevel2                   text         000000
intlevel3                   text         000000
isa$std                     (abs)        000001
isa$xinst                   (abs)        000000
lerTemperatura@sample       cstackBANK0  0000A6
main@temp                   cstackBANK0  0000BC
memset@c                    cstackCOMRAM 000002
memset@dest                 cstackCOMRAM 000001
memset@n                    cstackCOMRAM 000004
memset@p                    cstackCOMRAM 000006
regularTemperatura@temp     cstackBANK0  00006C
rotina_ISR@ch               cstackCOMRAM 000039
sprintf@ap                  cstackCOMRAM 000023
sprintf@f                   cstackCOMRAM 000024
sprintf@fmt                 cstackCOMRAM 00001F
sprintf@s                   cstackCOMRAM 00001E
stackhi                     (abs)        000000
stacklo                     (abs)        000000
start                       init         007EFC
start_initialization        cinit        005DCE
strcmp@l                    cstackCOMRAM 000001
strcmp@r                    cstackCOMRAM 000002
ttemp5                      temp         00004C
ttemp6                      temp         00004F
ttemp7                      temp         000053
txUsart@ch                  cstackBANK0  000060
vfpfcnvrt@ap                cstackCOMRAM 00000D
vfpfcnvrt@c                 cstackCOMRAM 000017
vfpfcnvrt@convarg           cstackCOMRAM 000013
vfpfcnvrt@cp                cstackCOMRAM 000011
vfpfcnvrt@done              cstackCOMRAM 000010
vfpfcnvrt@fmt               cstackCOMRAM 00000C
vfpfcnvrt@fp                cstackCOMRAM 00000B
vfprintf@ap                 cstackCOMRAM 00001B
vfprintf@cfmt               cstackCOMRAM 00001C
vfprintf@fmt                cstackCOMRAM 000019
vfprintf@fp                 cstackCOMRAM 000018
wtemp8                      temp         00004C


MODULE INFORMATION

Module		Function		Class		Link	Load	Size
/opt/microchip/xc8/v3.00/pic/sources/c99/common/awdiv.c
		___awdiv       		CODE           	632A	0000	196

/opt/microchip/xc8/v3.00/pic/sources/c99/common/awdiv.c estimated size: 196

/opt/microchip/xc8/v3.00/pic/sources/c99/common/fltol.c
		___fltol       		CODE           	64F4	0000	264

/opt/microchip/xc8/v3.00/pic/sources/c99/common/fltol.c estimated size: 264

/opt/microchip/xc8/v3.00/pic/sources/c99/common/xxtofl.c
		___xxtofl      		CODE           	6B30	0000	440

/opt/microchip/xc8/v3.00/pic/sources/c99/common/xxtofl.c estimated size: 440

/opt/microchip/xc8/v3.00/pic/sources/c99/common/strcmp.c
		_strcmp        		CODE           	5E96	0000	104

/opt/microchip/xc8/v3.00/pic/sources/c99/common/strcmp.c estimated size: 104

/opt/microchip/xc8/v3.00/pic/sources/c99/common/memset.c
		_memset        		CODE           	5CF4	0000	48

/opt/microchip/xc8/v3.00/pic/sources/c99/common/memset.c estimated size: 48

/opt/microchip/xc8/v3.00/pic/sources/c99/common/doprnt.c
		_vfpfcnvrt     		CODE           	6CE8	0000	468
		_vfprintf      		CODE           	5E0C	0000	66

/opt/microchip/xc8/v3.00/pic/sources/c99/common/doprnt.c estimated size: 534

/opt/microchip/xc8/v3.00/pic/sources/c99/common/nf_fputc.c
		_fputc         		CODE           	6060	0000	170

/opt/microchip/xc8/v3.00/pic/sources/c99/common/nf_fputc.c estimated size: 170

/opt/microchip/xc8/v3.00/pic/sources/c99/common/sprcmul.c
		___flmul       		CODE           	755E	0000	1064

/opt/microchip/xc8/v3.00/pic/sources/c99/common/sprcmul.c estimated size: 1064

shared
		display7Seg@F11011		MEDIUMCONST    	7E3F	0000	10
		i2___awdiv     		CODE           	6268	0000	194
		__initialization		CODE           	5DCE	0000	48
		i2___awmod     		CODE           	610A	0000	174
		i2_txUsart     		CODE           	5C68	0000	22
		i2_enviarString		CODE           	5EFE	0000	106

shared estimated size: 554

/opt/microchip/xc8/v3.00/pic/sources/c99/common/sprcdiv.c
		___fldiv       		CODE           	71CC	0000	914

/opt/microchip/xc8/v3.00/pic/sources/c99/common/sprcdiv.c estimated size: 914

/opt/microchip/xc8/v3.00/pic/sources/c99/common/awmod.c
		___awmod       		CODE           	61B8	0000	176

/opt/microchip/xc8/v3.00/pic/sources/c99/common/awmod.c estimated size: 176

/opt/microchip/xc8/v3.00/pic/sources/c99/common/putch.c
		_putch         		CODE           	5C4E	0000	2

/opt/microchip/xc8/v3.00/pic/sources/c99/common/putch.c estimated size: 2

/opt/microchip/xc8/v3.00/pic/sources/c99/common/flge.c
		___flge        		CODE           	63EE	0000	262

/opt/microchip/xc8/v3.00/pic/sources/c99/common/flge.c estimated size: 262

main.c
		_configUsart   		CODE           	5C96	0000	24
		_rxUsart       		CODE           	5C52	0000	4
		_txUsart       		CODE           	5C7E	0000	24
		_display7Seg   		CODE           	683E	0000	344
		_configAdc     		CODE           	5CCE	0000	38
		_main          		CODE           	65FC	0000	284
		_configTimer   		CODE           	5CAE	0000	32
		_rotina_ISR    		CODE           	0008	0000	790
		_limparDisplay 		CODE           	5C56	0000	18
		_displayTemperatura		CODE           	6996	0000	410
		_enviarString  		CODE           	5F68	0000	108
		_lerTemperatura		CODE           	5FD4	0000	140
		_setup         		CODE           	5D90	0000	62
		_regularTemperatura		CODE           	6718	0000	294

main.c estimated size: 2572

/opt/microchip/xc8/v3.00/pic/sources/c99/common/abs.c
		_abs           		CODE           	5D24	0000	52

/opt/microchip/xc8/v3.00/pic/sources/c99/common/abs.c estimated size: 52

/opt/microchip/xc8/v3.00/pic/sources/c99/common/nf_sprintf.c
		_sprintf       		CODE           	5D58	0000	56

/opt/microchip/xc8/v3.00/pic/sources/c99/common/nf_sprintf.c estimated size: 56

/opt/microchip/xc8/v3.00/pic/sources/c99/common/sprcadd.c
		___flsub       		CODE           	5E4E	0000	72
		___fladd       		CODE           	7986	0000	1208

/opt/microchip/xc8/v3.00/pic/sources/c99/common/sprcadd.c estimated size: 1280

