Microchip MPLAB XC8 Compiler V2.50

Linker command line:

-W-3 --edf=/opt/microchip/xc8/v2.50/pic/dat/20240725155939_en.msgs -cn \
  -h+dist/default/production/TRABALHO_5.X.production.sym \
  --cmf=dist/default/production/TRABALHO_5.X.production.cmf -z -Q18F4580 \
  -o/tmp/xcXkiFhMk/driver_tmp_3.o --defsym=__MPLAB_BUILD=1 \
  --fixupoverflow=error \
  -Mdist/default/production/TRABALHO_5.X.production.map \
  --md=/tmp/xcXkiFhMk/driver_tmp_0.dat -E1 -ver=XC8 Compiler --acfsm=1493 \
  -ACODE=07Fh-07F00h -ACONST=07Fh-07F00h \
  -ASMALLCONST=0600h-06FFhx121,07F00h-07F00h -AMEDIUMCONST=0600h-07F00h \
  -ACOMRAM=01h-05Fh -AABS1=00h-05FFh -ABIGRAM=01h-05FFh \
  -ARAM=060h-0FFh,0100h-01FFhx5 -ABANK0=060h-0FFh -ABANK1=0100h-01FFh \
  -ABANK2=0200h-02FFh -ABANK3=0300h-03FFh -ABANK4=0400h-04FFh \
  -ABANK5=0500h-05FFh -ASFR=0D00h-0DFFhx2,0F00h-0F5Fh,0F60h-0FFFh \
  -ABIGSFR=0D00h-0FFFh -ACONFIG=0300000h-030000Dh -AIDLOC=0200000h-0200007h \
  -AEEDATA=0F00000h-0F000FFh -peeprom_data=EEDATA \
  -preset_vec=00h,intcode=8h,intcodelo,powerup,init -pramtop=0600h \
  -psmallconst=SMALLCONST -pmediumconst=MEDIUMCONST -pconst=CONST \
  -AFARRAM=00h-00h \
  -prdata=COMRAM,nvrram=COMRAM,nvbit=COMRAM,rbss=COMRAM,rbit=COMRAM \
  -pfarbss=FARRAM,fardata=FARRAM,nvFARRAM=FARRAM \
  -pintsave_regs=BIGRAM,bigbss=BIGRAM,bigdata=BIGRAM -pbss=RAM \
  -pidata=CODE,irdata=CODE,ibigdata=CODE,ifardata=CODE -prparam=COMRAM \
  /tmp/xcXkiFhMk/driver_tmp_15.o \
  dist/default/production/TRABALHO_5.X.production.o 

Object code version is 3.11

Machine type is 18F4580



                Name                               Link     Load   Length Selector   Space Scale
/tmp/xcXkiFhMk/driver_tmp_15.o
                config                           300000   300000        E        0       4
                init                                  E        E        4        4       0
                reset_vec                             0        0        4        0       0
dist/default/production/TRABALHO_5.X.production.o
                intcode                               8        8        6        4       0
                config                           300000   300000        E        0       4
                temp                                 5E       5E        1        1       1
                mediumconst                        7EEC     7EEC       14     3F76       0
                text15                             6D94     6D94       AA     36CA       0
                text14                             7610     7610      426     3B08       0
                text13                             7A36     7A36      4B6     3D1B       0
                text12                             6C10     6C10       46     3608       0
                text11                             6E3E     6E3E      106     371F       0
                text10                             6F44     6F44      1B4     37A2       0
                text9                              6B34     6B34       16     359A       0
                text8                              6BA0     6BA0       36     35D0       0
                text7                              6D20     6D20       74     3690       0
                text6                              6C56     6C56       64     362B       0
                text5                              6B4A     6B4A       26     35A5       0
                text4                              6B70     6B70       30     35B8       0
                text3                              72D6     72D6      33A     396B       0
                intcode_body                       70F8     70F8      1DE     387C       0
                text1                              6CBA     6CBA       66     365D       0
                text0                              6B28     6B28        C     3594       0
                cstackCOMRAM                          1        1       4D        1       1
                dataCOMRAM                           5A       5A        4        1       1
                bssCOMRAM                            4E       4E        C        1       1
                cinit                              6BD6     6BD6       3A     35EB       0
                idataCOMRAM                        6B24     6B24        4     6B24       0

TOTAL           Name                               Link     Load   Length     Space
        CLASS   CODE           
                intcode                               8        8        6         0
                init                                  E        E        4         0
                reset_vec                             0        0        4         0
                text15                             6D94     6D94       AA         0
                text14                             7610     7610      426         0
                text13                             7A36     7A36      4B6         0
                text12                             6C10     6C10       46         0
                text11                             6E3E     6E3E      106         0
                text10                             6F44     6F44      1B4         0
                text9                              6B34     6B34       16         0
                text8                              6BA0     6BA0       36         0
                text7                              6D20     6D20       74         0
                text6                              6C56     6C56       64         0
                text5                              6B4A     6B4A       26         0
                text4                              6B70     6B70       30         0
                text3                              72D6     72D6      33A         0
                intcode_body                       70F8     70F8      1DE         0
                text1                              6CBA     6CBA       66         0
                text0                              6B28     6B28        C         0
                cinit                              6BD6     6BD6       3A         0
                idataCOMRAM                        6B24     6B24        4         0

        CLASS   CONST          

        CLASS   SMALLCONST     

        CLASS   MEDIUMCONST    
                mediumconst                        7EEC     7EEC       14         0

        CLASS   COMRAM         
                temp                                 5E       5E        1         1
                cstackCOMRAM                          1        1       4D         1
                dataCOMRAM                           5A       5A        4         1
                bssCOMRAM                            4E       4E        C         1

        CLASS   ABS1           

        CLASS   BIGRAM         

        CLASS   RAM            

        CLASS   BANK0          

        CLASS   BANK1          

        CLASS   BANK2          

        CLASS   BANK3          

        CLASS   BANK4          

        CLASS   BANK5          

        CLASS   SFR            

        CLASS   BIGSFR         

        CLASS   CONFIG         
                config                           300000   300000        E         4

        CLASS   IDLOC          

        CLASS   EEDATA         

        CLASS   FARRAM         

        CLASS   HEAP           

        CLASS   STACK          



SEGMENTS        Name                           Load    Length   Top    Selector   Space  Class

                text4                          006B70  000030  006BA0      35B8       0  CODE    
                text8                          006BA0  000036  006BD6      35D0       0  CODE    
                text7                          006D20  000074  006D94      3690       0  CODE    
                text15                         006D94  0000AA  006E3E      36CA       0  CODE    
                text11                         006E3E  000106  006F44      371F       0  CODE    
                text1                          006CBA  000066  006D20      365D       0  CODE    
                cinit                          006BD6  00003A  006C10      35EB       0  CODE    
                text12                         006C10  000046  006C56      3608       0  CODE    
                text6                          006C56  000064  006CBA      362B       0  CODE    
                text5                          006B4A  000026  006B70      35A5       0  CODE    
                text9                          006B34  000016  006B4A      359A       0  CODE    
                text0                          006B28  00000C  006B34      3594       0  CODE    
                reset_vec                      000000  000004  000004         0       0  CODE    
                idataCOMRAM                    006B24  000004  006B28      6B24       0  CODE    
                cstackCOMRAM                   000001  00005E  00005F         1       1  COMRAM  
                intcode                        000008  00000A  000012         4       0  CODE    
                mediumconst                    007EEC  000014  007F00      3F76       0  MEDIUMCO
                text3                          0072D6  00033A  007610      396B       0  CODE    
                intcode_body                   0070F8  0001DE  0072D6      387C       0  CODE    
                text10                         006F44  0001B4  0070F8      37A2       0  CODE    
                text13                         007A36  0004B6  007EEC      3D1B       0  CODE    
                text14                         007610  000426  007A36      3B08       0  CODE    


UNUSED ADDRESS RANGES

        Name                Unused          Largest block    Delta
        BANK0            000060-0000FF               A0
        BANK1            000100-0001FF              100
        BANK2            000200-0002FF              100
        BANK3            000300-0003FF              100
        BANK4            000400-0004FF              100
        BANK5            000500-0005FF              100
        BIGRAM           00005F-0005FF              5A1
        BIGSFR           000D00-000FFF              300
        CODE             00007F-006B23             6AA5
                         007F00-007F00                1
        COMRAM           00005F-00005F                1
        CONST            00007F-006B23             6AA5
                         007F00-007F00                1
        EEDATA           F00000-F000FF              100
        IDLOC            200000-200007                8
        MEDIUMCONST      000600-006B23             6524
                         007F00-007F00                1
        RAM              000060-0005FF              100
        SFR              000D00-000FFF              100
        SMALLCONST       000600-006B23              100
                         007F00-007F00                1

                                  Symbol Table

?___fladd                cstackCOMRAM 000001
?___flmul                cstackCOMRAM 000019
?___flsub                cstackCOMRAM 000011
?___fltol                cstackCOMRAM 000032
?___lwdiv                cstackCOMRAM 000001
?___lwmod                cstackCOMRAM 000008
?___wmul                 cstackCOMRAM 000001
?___xxtofl               cstackCOMRAM 000001
?_sprintf                cstackCOMRAM 00000D
TX_USART@data            cstackCOMRAM 000001
_ADCON0bits              (abs)        000FC2
_ADCON1bits              (abs)        000FC1
_ADCON2bits              (abs)        000FC0
_ADRESH                  (abs)        000FC4
_ADRESL                  (abs)        000FC3
_INTCONbits              (abs)        000FF2
_OSCCON                  (abs)        000FD3
_PIE1bits                (abs)        000F9D
_PIR1bits                (abs)        000F9E
_RCSTAbits               (abs)        000FAB
_SPBRG                   (abs)        000FAF
_T0CONbits               (abs)        000FD5
_TMR0                    (abs)        000FD6
_TRISAbits               (abs)        000F92
_TRISCbits               (abs)        000F94
_TXREG                   (abs)        000FAD
_TXSTAbits               (abs)        000FAC
_TX_USART                text9        006B34
__HRAM                   (abs)        000000
__H__absolute__          __absolute__ 000000
__Habs1                  abs1         000000
__Hbank0                 bank0        000000
__Hbank1                 bank1        000000
__Hbank2                 bank2        000000
__Hbank3                 bank3        000000
__Hbank4                 bank4        000000
__Hbank5                 bank5        000000
__Hbigbss                bigbss       000000
__Hbigdata               bigdata      000000
__Hbigram                bigram       000000
__Hbigsfr                bigsfr       000000
__Hbss                   bss          000000
__HbssCOMRAM             bssCOMRAM    000000
__Hcinit                 cinit        000000
__Hclrtext               clrtext      000000
__Hcomram                comram       000000
__Hconfig                config       30000E
__Hconst                 const        000000
__HcstackBANK0           cstackBANK0  000000
__HcstackCOMRAM          cstackCOMRAM 000000
__Hdata                  data         000000
__HdataCOMRAM            dataCOMRAM   000000
__Heeprom_data           eeprom_data  000000
__Hfarbss                farbss       000000
__Hfardata               fardata      000000
__Hheap                  heap         000000
__Hibigdata              ibigdata     000000
__Hidata                 idata        000000
__HidataCOMRAM           idataCOMRAM  000000
__Hidloc                 idloc        000000
__Hifardata              ifardata     000000
__Hinit                  init         000012
__Hintcode               intcode      00000E
__Hintcode_body          intcode_body 000000
__Hintcodelo             intcodelo    00000E
__Hintentry              intentry     000000
__Hintret                intret       000000
__Hintsave_regs          intsave_regs 000000
__Hirdata                irdata       000000
__Hmediumconst           mediumconst  007F00
__HnvFARRAM              nvFARRAM     000000
__Hnvbit                 nvbit        000000
__Hnvrram                nvrram       000000
__Hparam                 rparam       000000
__Hpowerup               powerup      00000E
__Hram                   ram          000000
__Hramtop                ramtop       000600
__Hrbit                  rbit         000000
__Hrbss                  rbss         000000
__Hrdata                 rdata        000000
__Hreset_vec             reset_vec    000004
__Hrparam                rparam       000000
__Hsfr                   sfr          000000
__Hsivt_hi               sivt_hi      000000
__Hsivt_lo               sivt_lo      000000
__Hsmallconst            smallconst   000000
__Hspace_0               (abs)        007F00
__Hspace_1               (abs)        00005F
__Hspace_2               (abs)        000000
__Hspace_4               (abs)        60000E
__Hstack                 stack        000000
__Hstruct                struct       000000
__Htemp                  temp         00005F
__Htext                  text         000000
__Htext0                 text0        000000
__Htext1                 text1        000000
__Htext10                text10       000000
__Htext11                text11       000000
__Htext12                text12       000000
__Htext13                text13       000000
__Htext14                text14       000000
__Htext15                text15       000000
__Htext3                 text3        000000
__Htext4                 text4        000000
__Htext5                 text5        000000
__Htext6                 text6        000000
__Htext7                 text7        000000
__Htext8                 text8        000000
__Htext9                 text9        000000
__LRAM                   (abs)        000001
__L__absolute__          __absolute__ 000000
__Labs1                  abs1         000000
__Lbank0                 bank0        000000
__Lbank1                 bank1        000000
__Lbank2                 bank2        000000
__Lbank3                 bank3        000000
__Lbank4                 bank4        000000
__Lbank5                 bank5        000000
__Lbigbss                bigbss       000000
__Lbigdata               bigdata      000000
__Lbigram                bigram       000000
__Lbigsfr                bigsfr       000000
__Lbss                   bss          000000
__LbssCOMRAM             bssCOMRAM    000000
__Lcinit                 cinit        000000
__Lclrtext               clrtext      000000
__Lcomram                comram       000000
__Lconfig                config       000000
__Lconst                 const        000000
__LcstackBANK0           cstackBANK0  000000
__LcstackCOMRAM          cstackCOMRAM 000000
__Ldata                  data         000000
__LdataCOMRAM            dataCOMRAM   000000
__Leeprom_data           eeprom_data  000000
__Lfarbss                farbss       000000
__Lfardata               fardata      000000
__Lheap                  heap         000000
__Libigdata              ibigdata     000000
__Lidata                 idata        000000
__LidataCOMRAM           idataCOMRAM  000000
__Lidloc                 idloc        000000
__Lifardata              ifardata     000000
__Linit                  init         00000E
__Lintcode               intcode      000008
__Lintcode_body          intcode_body 000000
__Lintcodelo             intcodelo    00000E
__Lintentry              intentry     000000
__Lintret                intret       000000
__Lintsave_regs          intsave_regs 000000
__Lirdata                irdata       000000
__Lmediumconst           mediumconst  007EEC
__LnvFARRAM              nvFARRAM     000000
__Lnvbit                 nvbit        000000
__Lnvrram                nvrram       000000
__Lparam                 rparam       000000
__Lpowerup               powerup      00000E
__Lram                   ram          000000
__Lramtop                ramtop       000600
__Lrbit                  rbit         000000
__Lrbss                  rbss         000000
__Lrdata                 rdata        000000
__Lreset_vec             reset_vec    000000
__Lrparam                rparam       000000
__Lsfr                   sfr          000000
__Lsivt_hi               sivt_hi      000000
__Lsivt_lo               sivt_lo      000000
__Lsmallconst            smallconst   000000
__Lspace_0               (abs)        000000
__Lspace_1               (abs)        000000
__Lspace_2               (abs)        000000
__Lspace_4               (abs)        000000
__Lstack                 stack        000000
__Lstruct                struct       000000
__Ltemp                  temp         00005E
__Ltext                  text         000000
__Ltext0                 text0        000000
__Ltext1                 text1        000000
__Ltext10                text10       000000
__Ltext11                text11       000000
__Ltext12                text12       000000
__Ltext13                text13       000000
__Ltext14                text14       000000
__Ltext15                text15       000000
__Ltext3                 text3        000000
__Ltext4                 text4        000000
__Ltext5                 text5        000000
__Ltext6                 text6        000000
__Ltext7                 text7        000000
__Ltext8                 text8        000000
__Ltext9                 text9        000000
__S0                     (abs)        007F00
__S1                     (abs)        00005F
__S4                     (abs)        000000
__S5                     (abs)        000000
___fladd                 text13       007A36
___fladd@a               cstackCOMRAM 000005
___fladd@aexp            cstackCOMRAM 00000E
___fladd@b               cstackCOMRAM 000001
___fladd@bexp            cstackCOMRAM 00000F
___fladd@grs             cstackCOMRAM 000010
___fladd@signs           cstackCOMRAM 00000D
___fleq                  text15       006D94
___fleq@ff1              cstackCOMRAM 000001
___fleq@ff2              cstackCOMRAM 000005
___flmul                 text14       007610
___flmul@a               cstackCOMRAM 00001D
___flmul@aexp            cstackCOMRAM 00002A
___flmul@b               cstackCOMRAM 000019
___flmul@bexp            cstackCOMRAM 00002B
___flmul@grs             cstackCOMRAM 000026
___flmul@prod            cstackCOMRAM 00002C
___flmul@sign            cstackCOMRAM 000025
___flmul@temp            cstackCOMRAM 000030
___flsub                 text12       006C10
___flsub@a               cstackCOMRAM 000015
___flsub@b               cstackCOMRAM 000011
___fltol                 text11       006E3E
___fltol@exp1            cstackCOMRAM 00003B
___fltol@f1              cstackCOMRAM 000032
___fltol@sign1           cstackCOMRAM 00003A
___heap_hi               (abs)        000000
___heap_lo               (abs)        000000
___inthi_sp              stack        000000
___inthi_stack_hi        stack        000000
___inthi_stack_lo        stack        000000
___intlo_sp              stack        000000
___intlo_stack_hi        stack        000000
___intlo_stack_lo        stack        000000
___lwdiv                 text7        006D20
___lwdiv@counter         cstackCOMRAM 000007
___lwdiv@dividend        cstackCOMRAM 000001
___lwdiv@divisor         cstackCOMRAM 000003
___lwdiv@quotient        cstackCOMRAM 000005
___lwmod                 text6        006C56
___lwmod@counter         cstackCOMRAM 00000C
___lwmod@dividend        cstackCOMRAM 000008
___lwmod@divisor         cstackCOMRAM 00000A
___param_bank            (abs)        000000
___rparam_used           (abs)        000001
___sp                    stack        000000
___stack_hi              stack        000000
___stack_lo              stack        000000
___wmul                  text5        006B4A
___wmul@multiplicand     cstackCOMRAM 000003
___wmul@multiplier       cstackCOMRAM 000001
___wmul@product          cstackCOMRAM 000005
___xxtofl                text10       006F44
___xxtofl@arg            cstackCOMRAM 00000B
___xxtofl@exp            cstackCOMRAM 00000A
___xxtofl@sign           cstackCOMRAM 000009
___xxtofl@val            cstackCOMRAM 000001
__accesstop              (abs)        000060
__activetblptr           (abs)        000002
__end_of_TX_USART        text9        006B4A
__end_of___fladd         text13       007EEC
__end_of___fleq          text15       006E3E
__end_of___flmul         text14       007A36
__end_of___flsub         text12       006C56
__end_of___fltol         text11       006F44
__end_of___lwdiv         text7        006D94
__end_of___lwmod         text6        006CBA
__end_of___wmul          text5        006B70
__end_of___xxtofl        text10       0070F8
__end_of__initialization cinit        006C02
__end_of_dpowers         mediumconst  007EF7
__end_of_enviarString    text8        006BD6
__end_of_isdigit         text4        006BA0
__end_of_main            text0        006B34
__end_of_rotinaISR       intcode_body 0072D6
__end_of_setup           text1        006D20
__end_of_sprintf         text3        007610
__initialization         cinit        006BD6
__mediumconst            mediumconst  007EEC
__pbssCOMRAM             bssCOMRAM    00004E
__pcinit                 cinit        006BD6
__pcstackBANK0           cstackBANK0  000000
__pcstackCOMRAM          cstackCOMRAM 000001
__pdataCOMRAM            dataCOMRAM   00005A
__pidataCOMRAM           idataCOMRAM  006B24
__pintcode               intcode      000008
__pintcode_body          intcode_body 0070F8
__pmediumconst           mediumconst  007EEC
__ptext0                 text0        006B28
__ptext1                 text1        006CBA
__ptext10                text10       006F44
__ptext11                text11       006E3E
__ptext12                text12       006C10
__ptext13                text13       007A36
__ptext14                text14       007610
__ptext15                text15       006D94
__ptext3                 text3        0072D6
__ptext4                 text4        006B70
__ptext5                 text5        006B4A
__ptext6                 text6        006C56
__ptext7                 text7        006D20
__ptext8                 text8        006BA0
__ptext9                 text9        006B34
__ramtop                 ramtop       000600
__smallconst             smallconst   000000
_dpowers                 mediumconst  007EED
_enviarString            text8        006BA0
_isdigit                 text4        006B70
_isdigit$1076            cstackCOMRAM 000002
_main                    text0        006B28
_rotinaISR               intcode      000008
_sample                  bssCOMRAM    00004E
_setup                   text1        006CBA
_sprintf                 text3        0072D6
_str                     bssCOMRAM    000050
_tensaoAnterior          dataCOMRAM   00005A
btemp                    temp         00005E
end_of_initialization    cinit        006C02
enviarString@string      cstackCOMRAM 000002
int$flags                temp         00005E
int_func                 intcode_body 0070F8
intlevel0                text         000000
intlevel1                text         000000
intlevel2                text         000000
intlevel3                text         000000
isa$std                  (abs)        000001
isa$xinst                (abs)        000000
isdigit@c                cstackCOMRAM 000003
rotinaISR@tensao         cstackCOMRAM 00004A
rotinaISR@tensaoDecimal  cstackCOMRAM 000046
rotinaISR@tensaoUnidade  cstackCOMRAM 000048
sprintf@ap               cstackCOMRAM 000017
sprintf@c                cstackCOMRAM 00001E
sprintf@f                cstackCOMRAM 00000E
sprintf@flag             cstackCOMRAM 00001B
sprintf@prec             cstackCOMRAM 000018
sprintf@sp               cstackCOMRAM 00000D
sprintf@val              cstackCOMRAM 000019
sprintf@width            cstackCOMRAM 00001C
stackhi                  (abs)        000000
stacklo                  (abs)        000000
start                    init         00000E
start_initialization     cinit        006BD6
ttemp5                   temp         00005F
ttemp6                   temp         000062
ttemp7                   temp         000066
wtemp8                   temp         00005F


MODULE INFORMATION

Module		Function		Class		Link	Load	Size
/opt/microchip/xc8/v2.50/pic/sources/c90/common/fleq.c
		___fleq        		CODE           	6D94	0000	170

/opt/microchip/xc8/v2.50/pic/sources/c90/common/fleq.c estimated size: 170

/opt/microchip/xc8/v2.50/pic/sources/c90/common/lwmod.c
		___lwmod       		CODE           	6C56	0000	100

/opt/microchip/xc8/v2.50/pic/sources/c90/common/lwmod.c estimated size: 100

/opt/microchip/xc8/v2.50/pic/sources/c90/common/xxtofl.c
		___xxtofl      		CODE           	6F44	0000	436

/opt/microchip/xc8/v2.50/pic/sources/c90/common/xxtofl.c estimated size: 436

TP5_Exer3.c
		_rotinaISR     		CODE           	0008	0000	484
		_main          		CODE           	6B28	0000	12
		_TX_USART      		CODE           	6B34	0000	22
		_enviarString  		CODE           	6BA0	0000	54
		_setup         		CODE           	6CBA	0000	102

TP5_Exer3.c estimated size: 674

/opt/microchip/xc8/v2.50/pic/sources/c90/common/sprcmul.c
		___flmul       		CODE           	7610	0000	1062

/opt/microchip/xc8/v2.50/pic/sources/c90/common/sprcmul.c estimated size: 1062

shared
		_dpowers       		MEDIUMCONST    	7EED	0000	10
		__initialization		CODE           	6BD6	0000	44

shared estimated size: 54

/opt/microchip/xc8/v2.50/pic/sources/c90/common/doprnt.c
		_sprintf       		CODE           	72D6	0000	826

/opt/microchip/xc8/v2.50/pic/sources/c90/common/doprnt.c estimated size: 826

/opt/microchip/xc8/v2.50/pic/sources/c90/common/lwdiv.c
		___lwdiv       		CODE           	6D20	0000	116

/opt/microchip/xc8/v2.50/pic/sources/c90/common/lwdiv.c estimated size: 116

/opt/microchip/xc8/v2.50/pic/sources/c90/common/fltol.c
		___fltol       		CODE           	6E3E	0000	262

/opt/microchip/xc8/v2.50/pic/sources/c90/common/fltol.c estimated size: 262

/opt/microchip/xc8/v2.50/pic/sources/c90/common/Umul16.c
		___wmul        		CODE           	6B4A	0000	38

/opt/microchip/xc8/v2.50/pic/sources/c90/common/Umul16.c estimated size: 38

/opt/microchip/xc8/v2.50/pic/sources/c90/common/isdigit.c
		_isdigit       		CODE           	6B70	0000	48

/opt/microchip/xc8/v2.50/pic/sources/c90/common/isdigit.c estimated size: 48

/opt/microchip/xc8/v2.50/pic/sources/c90/common/sprcadd.c
		___flsub       		CODE           	6C10	0000	70
		___fladd       		CODE           	7A36	0000	1206

/opt/microchip/xc8/v2.50/pic/sources/c90/common/sprcadd.c estimated size: 1276

