Microchip MPLAB XC8 Compiler V2.50

Linker command line:

-W-3 --edf=/opt/microchip/xc8/v2.50/pic/dat/20240725155939_en.msgs -cn \
  -h+dist/default/production/TRABALHO_3.X.production.sym \
  --cmf=dist/default/production/TRABALHO_3.X.production.cmf -z -Q18F4580 \
  -o/tmp/xcXbhiemH/driver_tmp_3.o --defsym=__MPLAB_BUILD=1 \
  --fixupoverflow=error \
  -Mdist/default/production/TRABALHO_3.X.production.map \
  --md=/tmp/xcXbhiemH/driver_tmp_0.dat -E1 -ver=XC8 Compiler --acfsm=1493 \
  -ACODE=07Fh-07F00h -ACONST=07Fh-07F00h \
  -ASMALLCONST=0600h-06FFhx121,07F00h-07F00h -AMEDIUMCONST=0600h-07F00h \
  -ACOMRAM=01h-05Fh -AABS1=00h-05FFh -ABIGRAM=01h-05FFh \
  -ARAM=060h-0FFh,0100h-01FFhx5 -ABANK0=060h-0FFh -ABANK1=0100h-01FFh \
  -ABANK2=0200h-02FFh -ABANK3=0300h-03FFh -ABANK4=0400h-04FFh \
  -ABANK5=0500h-05FFh -ASFR=0D00h-0DFFhx2,0F00h-0F5Fh,0F60h-0FFFh \
  -ABIGSFR=0D00h-0FFFh -ACONFIG=0300000h-030000Dh -AIDLOC=0200000h-0200007h \
  -AEEDATA=0F00000h-0F000FFh -peeprom_data=EEDATA \
  -preset_vec=00h,intcode=8h,intcodelo,powerup,init -pramtop=0600h \
  -psmallconst=SMALLCONST -pmediumconst=MEDIUMCONST -pconst=CONST \
  -AFARRAM=00h-00h \
  -prdata=COMRAM,nvrram=COMRAM,nvbit=COMRAM,rbss=COMRAM,rbit=COMRAM \
  -pfarbss=FARRAM,fardata=FARRAM,nvFARRAM=FARRAM \
  -pintsave_regs=BIGRAM,bigbss=BIGRAM,bigdata=BIGRAM -pbss=RAM \
  -pidata=CODE,irdata=CODE,ibigdata=CODE,ifardata=CODE -prparam=COMRAM \
  /tmp/xcXbhiemH/driver_tmp_9.o \
  dist/default/production/TRABALHO_3.X.production.o 

Object code version is 3.11

Machine type is 18F4580



                Name                               Link     Load   Length Selector   Space Scale
/tmp/xcXbhiemH/driver_tmp_9.o
                config                           300000   300000        E        0       4
                init                                  E        E        4        4       0
                reset_vec                             0        0        4        0       0
dist/default/production/TRABALHO_3.X.production.o
                intcode                               8        8        6        4       0
                config                           300000   300000        E        0       4
                temp                                 35       35        1        1       1
                smallconst                          600      600        2      300       0
                text10                              994      994      390      301       0
                text9                              1126     1126      106      301       0
                text8                               EA4      EA4      17A      301       0
                intcode_body                       13B8     13B8       68      301       0
                text6                              122C     122C       CC      301       0
                text5                              144A     144A       12      301       0
                text4                              1438     1438       12      301       0
                text3                               602      602      392      301       0
                text2                              101E     101E      108      301       0
                text1                               D24      D24      180      301       0
                text0                              12F8     12F8       C0      301       0
                cstackCOMRAM                          1        1       34        1       1
                cstackBANK0                          60       60       37       60       1
                bssBANK0                             97       97        4       60       1
                cinit                              1420     1420       18      301       0

TOTAL           Name                               Link     Load   Length     Space
        CLASS   CODE           
                intcode                               8        8        6         0
                init                                  E        E        4         0
                reset_vec                             0        0        4         0
                text10                              994      994      390         0
                text9                              1126     1126      106         0
                text8                               EA4      EA4      17A         0
                intcode_body                       13B8     13B8       68         0
                text6                              122C     122C       CC         0
                text5                              144A     144A       12         0
                text4                              1438     1438       12         0
                text3                               602      602      392         0
                text2                              101E     101E      108         0
                text1                               D24      D24      180         0
                text0                              12F8     12F8       C0         0
                cinit                              1420     1420       18         0

        CLASS   CONST          

        CLASS   SMALLCONST     
                smallconst                          600      600        2         0

        CLASS   MEDIUMCONST    

        CLASS   COMRAM         
                temp                                 35       35        1         1
                cstackCOMRAM                          1        1       34         1

        CLASS   ABS1           

        CLASS   BIGRAM         

        CLASS   RAM            

        CLASS   BANK0          
                cstackBANK0                          60       60       37         1
                bssBANK0                             97       97        4         1

        CLASS   BANK1          

        CLASS   BANK2          

        CLASS   BANK3          

        CLASS   BANK4          

        CLASS   BANK5          

        CLASS   SFR            

        CLASS   BIGSFR         

        CLASS   CONFIG         
                config                           300000   300000        E         4

        CLASS   IDLOC          

        CLASS   EEDATA         

        CLASS   FARRAM         

        CLASS   HEAP           

        CLASS   STACK          



SEGMENTS        Name                           Load    Length   Top    Selector   Space  Class

                cstackCOMRAM                   000001  000035  000036         1       1  COMRAM  
                reset_vec                      000000  000004  000004         0       0  CODE    
                cstackBANK0                    000060  00003B  00009B        60       1  BANK0   
                text3                          000602  000E5A  00145C       301       0  CODE    
                intcode                        000008  00000A  000012         4       0  CODE    
                smallconst                     000600  000002  000602       300       0  SMALLCON


UNUSED ADDRESS RANGES

        Name                Unused          Largest block    Delta
        BANK0            00009B-0000FF               65
        BANK1            000100-0001FF              100
        BANK2            000200-0002FF              100
        BANK3            000300-0003FF              100
        BANK4            000400-0004FF              100
        BANK5            000500-0005FF              100
        BIGRAM           000036-00005F               2A
                         00009B-0005FF              565
        BIGSFR           000D00-000FFF              300
        CODE             00007F-0005FF              581
                         00145C-007F00             6AA5
        COMRAM           000036-00005F               2A
        CONST            00007F-0005FF              581
                         00145C-007F00             6AA5
        EEDATA           F00000-F000FF              100
        IDLOC            200000-200007                8
        MEDIUMCONST      00145C-007F00             6AA5
        RAM              00009B-0005FF              100
        SFR              000D00-000FFF              100
        SMALLCONST       00145C-007F00              100

                                  Symbol Table

?___fldiv                 cstackBANK0  000060
?___fltol                 cstackBANK0  000079
?_tempo_desejado          cstackBANK0  000083
?i2___fldiv               cstackCOMRAM 000001
?i2___fltol               cstackCOMRAM 00001A
?i2_tempo_desejado        cstackCOMRAM 000024
BCD_7SEG@NUM              cstackBANK0  000060
_BCD_7SEG                 text6        00122C
_INTCONbits               (abs)        000FF2
_LATCbits                 (abs)        000F8B
_LATDbits                 (abs)        000F8C
_LATEbits                 (abs)        000F8D
_NUM                      bssBANK0     000099
_OSCCON                   (abs)        000FD3
_PORTBbits                (abs)        000F81
_T0CONbits                (abs)        000FD5
_TRISBbits                (abs)        000F93
_TRISC                    (abs)        000F94
_TRISDbits                (abs)        000F95
_TRISE                    (abs)        000F96
__HRAM                    (abs)        000000
__H__absolute__           __absolute__ 000000
__Habs1                   abs1         000000
__Hbank0                  bank0        000000
__Hbank1                  bank1        000000
__Hbank2                  bank2        000000
__Hbank3                  bank3        000000
__Hbank4                  bank4        000000
__Hbank5                  bank5        000000
__Hbigbss                 bigbss       000000
__Hbigdata                bigdata      000000
__Hbigram                 bigram       000000
__Hbigsfr                 bigsfr       000000
__Hbss                    bss          000000
__HbssBANK0               bssBANK0     000000
__Hcinit                  cinit        000000
__Hclrtext                clrtext      000000
__Hcomram                 comram       000000
__Hconfig                 config       30000E
__Hconst                  const        000000
__HcstackBANK0            cstackBANK0  000000
__HcstackCOMRAM           cstackCOMRAM 000000
__Hdata                   data         000000
__Heeprom_data            eeprom_data  000000
__Hfarbss                 farbss       000000
__Hfardata                fardata      000000
__Hheap                   heap         000000
__Hibigdata               ibigdata     000000
__Hidata                  idata        000000
__Hidloc                  idloc        000000
__Hifardata               ifardata     000000
__Hinit                   init         000012
__Hintcode                intcode      00000E
__Hintcode_body           intcode_body 000000
__Hintcodelo              intcodelo    00000E
__Hintentry               intentry     000000
__Hintret                 intret       000000
__Hintsave_regs           intsave_regs 000000
__Hirdata                 irdata       000000
__Hmediumconst            mediumconst  000000
__HnvFARRAM               nvFARRAM     000000
__Hnvbit                  nvbit        000000
__Hnvrram                 nvrram       000000
__Hparam                  rparam       000000
__Hpowerup                powerup      00000E
__Hram                    ram          000000
__Hramtop                 ramtop       000600
__Hrbit                   rbit         000000
__Hrbss                   rbss         000000
__Hrdata                  rdata        000000
__Hreset_vec              reset_vec    000004
__Hrparam                 rparam       000000
__Hsfr                    sfr          000000
__Hsivt_hi                sivt_hi      000000
__Hsivt_lo                sivt_lo      000000
__Hsmallconst             smallconst   000602
__Hspace_0                (abs)        00145C
__Hspace_1                (abs)        00009B
__Hspace_2                (abs)        000000
__Hspace_4                (abs)        60000E
__Hstack                  stack        000000
__Hstruct                 struct       000000
__Htemp                   temp         000036
__Htext                   text         000000
__Htext0                  text0        000000
__Htext1                  text1        000000
__Htext10                 text10       000000
__Htext2                  text2        000000
__Htext3                  text3        000000
__Htext4                  text4        000000
__Htext5                  text5        000000
__Htext6                  text6        000000
__Htext8                  text8        000000
__Htext9                  text9        000000
__LRAM                    (abs)        000001
__L__absolute__           __absolute__ 000000
__Labs1                   abs1         000000
__Lbank0                  bank0        000000
__Lbank1                  bank1        000000
__Lbank2                  bank2        000000
__Lbank3                  bank3        000000
__Lbank4                  bank4        000000
__Lbank5                  bank5        000000
__Lbigbss                 bigbss       000000
__Lbigdata                bigdata      000000
__Lbigram                 bigram       000000
__Lbigsfr                 bigsfr       000000
__Lbss                    bss          000000
__LbssBANK0               bssBANK0     000000
__Lcinit                  cinit        000000
__Lclrtext                clrtext      000000
__Lcomram                 comram       000000
__Lconfig                 config       000000
__Lconst                  const        000000
__LcstackBANK0            cstackBANK0  000000
__LcstackCOMRAM           cstackCOMRAM 000000
__Ldata                   data         000000
__Leeprom_data            eeprom_data  000000
__Lfarbss                 farbss       000000
__Lfardata                fardata      000000
__Lheap                   heap         000000
__Libigdata               ibigdata     000000
__Lidata                  idata        000000
__Lidloc                  idloc        000000
__Lifardata               ifardata     000000
__Linit                   init         00000E
__Lintcode                intcode      000008
__Lintcode_body           intcode_body 000000
__Lintcodelo              intcodelo    00000E
__Lintentry               intentry     000000
__Lintret                 intret       000000
__Lintsave_regs           intsave_regs 000000
__Lirdata                 irdata       000000
__Lmediumconst            mediumconst  000000
__LnvFARRAM               nvFARRAM     000000
__Lnvbit                  nvbit        000000
__Lnvrram                 nvrram       000000
__Lparam                  rparam       000000
__Lpowerup                powerup      00000E
__Lram                    ram          000000
__Lramtop                 ramtop       000600
__Lrbit                   rbit         000000
__Lrbss                   rbss         000000
__Lrdata                  rdata        000000
__Lreset_vec              reset_vec    000000
__Lrparam                 rparam       000000
__Lsfr                    sfr          000000
__Lsivt_hi                sivt_hi      000000
__Lsivt_lo                sivt_lo      000000
__Lsmallconst             smallconst   000600
__Lspace_0                (abs)        000000
__Lspace_1                (abs)        000000
__Lspace_2                (abs)        000000
__Lspace_4                (abs)        000000
__Lstack                  stack        000000
__Lstruct                 struct       000000
__Ltemp                   temp         000035
__Ltext                   text         000000
__Ltext0                  text0        000000
__Ltext1                  text1        000000
__Ltext10                 text10       000000
__Ltext2                  text2        000000
__Ltext3                  text3        000000
__Ltext4                  text4        000000
__Ltext5                  text5        000000
__Ltext6                  text6        000000
__Ltext8                  text8        000000
__Ltext9                  text9        000000
__S0                      (abs)        00145C
__S1                      (abs)        00009B
__S4                      (abs)        000000
__S5                      (abs)        000000
___fldiv                  text3        000602
___fldiv@a                cstackBANK0  000064
___fldiv@aexp             cstackBANK0  000078
___fldiv@b                cstackBANK0  000060
___fldiv@bexp             cstackBANK0  000077
___fldiv@grs              cstackBANK0  000073
___fldiv@new_exp          cstackBANK0  000071
___fldiv@rem              cstackBANK0  00006C
___fldiv@sign             cstackBANK0  000070
___fltol                  text2        00101E
___fltol@exp1             cstackBANK0  000082
___fltol@f1               cstackBANK0  000079
___fltol@sign1            cstackBANK0  000081
___heap_hi                (abs)        000000
___heap_lo                (abs)        000000
___inthi_sp               stack        000000
___inthi_stack_hi         stack        000000
___inthi_stack_lo         stack        000000
___intlo_sp               stack        000000
___intlo_stack_hi         stack        000000
___intlo_stack_lo         stack        000000
___param_bank             (abs)        000000
___rparam_used            (abs)        000001
___sp                     stack        000000
___stack_hi               stack        000000
___stack_lo               stack        000000
__accesstop               (abs)        000060
__activetblptr            (abs)        000002
__end_of_BCD_7SEG         text6        0012F8
__end_of___fldiv          text3        000994
__end_of___fltol          text2        001126
__end_of__initialization  cinit        00142A
__end_of_config_timer     text5        00145C
__end_of_main             text0        0013B8
__end_of_rotina_isr       intcode_body 001420
__end_of_setup            text4        00144A
__end_of_tempo_desejado   text1        000EA4
__end_ofi2___fldiv        text10       000D24
__end_ofi2___fltol        text9        00122C
__end_ofi2_tempo_desejado text8        00101E
__initialization          cinit        001420
__mediumconst             mediumconst  000000
__pbssBANK0               bssBANK0     000097
__pcinit                  cinit        001420
__pcstackBANK0            cstackBANK0  000060
__pcstackCOMRAM           cstackCOMRAM 000001
__pintcode                intcode      000008
__pintcode_body           intcode_body 0013B8
__psmallconst             smallconst   000600
__ptext0                  text0        0012F8
__ptext1                  text1        000D24
__ptext10                 text10       000994
__ptext2                  text2        00101E
__ptext3                  text3        000602
__ptext4                  text4        001438
__ptext5                  text5        00144A
__ptext6                  text6        00122C
__ptext8                  text8        000EA4
__ptext9                  text9        001126
__ramtop                  ramtop       000600
__smallconst              smallconst   000600
_config_timer             text5        00144A
_main                     text0        0012F8
_n_overflow               bssBANK0     000097
_rotina_isr               intcode      000008
_setup                    text4        001438
_tempo_desejado           text1        000D24
btemp                     temp         000035
end_of_initialization     cinit        00142A
i2___fldiv                text10       000994
i2___fldiv@a              cstackCOMRAM 000005
i2___fldiv@aexp           cstackCOMRAM 000019
i2___fldiv@b              cstackCOMRAM 000001
i2___fldiv@bexp           cstackCOMRAM 000018
i2___fldiv@grs            cstackCOMRAM 000014
i2___fldiv@new_exp        cstackCOMRAM 000012
i2___fldiv@rem            cstackCOMRAM 00000D
i2___fldiv@sign           cstackCOMRAM 000011
i2___fltol                text9        001126
i2___fltol@exp1           cstackCOMRAM 000023
i2___fltol@f1             cstackCOMRAM 00001A
i2___fltol@sign1          cstackCOMRAM 000022
i2_tempo_desejado         text8        000EA4
i2tempo_desejado@NUM      cstackCOMRAM 000024
i2tempo_desejado@ciclo    cstackCOMRAM 00002C
i2tempo_desejado@periodo  cstackCOMRAM 000028
i2tempo_desejado@potencia cstackCOMRAM 000030
int$flags                 temp         000035
int_func                  intcode_body 0013B8
intlevel0                 text         000000
intlevel1                 text         000000
intlevel2                 text         000000
intlevel3                 text         000000
isa$std                   (abs)        000001
isa$xinst                 (abs)        000000
main@ANTES_BOTAO          cstackBANK0  000095
main@ATUAL_BOTAO          cstackBANK0  000096
stackhi                   (abs)        000000
stacklo                   (abs)        000000
start                     init         00000E
start_initialization      cinit        001420
tempo_desejado@NUM        cstackBANK0  000083
tempo_desejado@ciclo      cstackBANK0  00008B
tempo_desejado@periodo    cstackBANK0  000087
tempo_desejado@potencia   cstackBANK0  00008F
ttemp5                    temp         000036
ttemp6                    temp         000039
ttemp7                    temp         00003D
wtemp8                    temp         000036


MODULE INFORMATION

Module		Function		Class		Link	Load	Size
TP3_Exer3.c
		_main          		CODE           	12F8	0000	192
		_rotina_isr    		CODE           	0008	0000	110
		_tempo_desejado		CODE           	0D24	0000	384
		_setup         		CODE           	1438	0000	18
		_BCD_7SEG      		CODE           	122C	0000	204
		_config_timer  		CODE           	144A	0000	18

TP3_Exer3.c estimated size: 926

/opt/microchip/xc8/v2.50/pic/sources/c90/common/sprcdiv.c
		___fldiv       		CODE           	0602	0000	914

/opt/microchip/xc8/v2.50/pic/sources/c90/common/sprcdiv.c estimated size: 914

shared
		i2_tempo_desejado		CODE           	0EA4	0000	378
		i2___fldiv     		CODE           	0994	0000	912
		i2___fltol     		CODE           	1126	0000	262
		__initialization		CODE           	1420	0000	10

shared estimated size: 1562

/opt/microchip/xc8/v2.50/pic/sources/c90/common/fltol.c
		___fltol       		CODE           	101E	0000	264

/opt/microchip/xc8/v2.50/pic/sources/c90/common/fltol.c estimated size: 264

